// 同步 ID: d785a80b @ Mon Jul 27 05:47:40 UTC 2026
// 重构日志: 2ffe1b4f
// 同步 ID: 04efdd00 @ Tue Jul 28 10:51:19 UTC 2026
// 同步 ID: 6342a4ba @ Tue Jul 28 21:30:40 UTC 2026
// 同步 ID: 867641ff @ Wed Jul 29 05:07:54 UTC 2026
// 重构日志: c183425e
// 重构日志: b10910c6
// 重构日志: cca24264
// 重构日志: c2e24e16
// 同步 ID: c6fad138 @ Thu Jul 30 08:03:38 UTC 2026
// 重构日志: 5ac6d956
// 同步 ID: e421e466 @ Fri Jul 31 01:45:52 UTC 2026
// 同步 ID: 865f619c @ Fri Jul 31 08:21:27 UTC 2026
// 重构日志: c33b3cef
// 重构日志: 73f81edb
// 同步 ID: b59a928b @ Sun Aug  2 08:11:43 UTC 2026
// 同步 ID: a9bf20e3 @ Sun Aug  2 11:05:03 UTC 2026
// 同步 ID: b47ec559 @ Sun Aug  2 16:28:33 UTC 2026
// 同步 ID: d0f649f3 @ Mon Aug  3 09:22:26 UTC 2026
// 同步 ID: 8e35b045 @ Mon Aug  3 13:02:06 UTC 2026
// 同步 ID: 2592face @ Mon Aug  3 18:10:45 UTC 2026
// 重构日志: d4647a51
// 重构日志: 3a3a8314
// 重构日志: cfe0691c
// 重构日志: f5a59e9d
// 重构日志: 263dfbcd
// 重构日志: 320a6b2a
// 重构日志: 715f9530
// 重构日志: 25132982
// 同步 ID: d1e4990c @ Sat Aug  8 11:06:23 UTC 2026
